y,1,12
x,1,19
x,2,20
y,3,25
x,1,20
x,2,21
x,14,6
x,1,12
y,1,13
y,3,26
x,14,7
x,1,13
y,1,11
y,4,21
y,1,10
x,2,22
y,3,17
x,14,4
x,1,11
y,1,0
y,3,16
x,14,3
x,1,10
y,4,22
y,3,0
x,14,0
x,1,0
y,3,29
x,2,23
z,6,22
y,4,23
z,6,23
x,2,24
y,4,24
z,12,23
z,12,24
x,2,25
y,4,25
w,20,24
z,12,25
w,20,25
z,23,25
x,2,26
z,23,26
x,2,17
x,2,16
w,20,26
z,23,17
x,2,0
z,23,16
z,23,0
x,2,29
w,20,17
w,20,16
z,23,29
w,20,0
w,20,29
