27,14,tests/evaluation/metadl-java/src/reference-equality/Test1Positive.java
30,6,tests/evaluation/metadl-java/src/reference-equality/Test1Positive.java
43,9,tests/evaluation/metadl-java/src/reference-equality/Test1Positive.java
64,9,tests/evaluation/metadl-java/src/reference-equality/Test1Positive.java
72,9,tests/evaluation/metadl-java/src/reference-equality/Test1Positive.java
80,15,tests/evaluation/metadl-java/src/reference-equality/Test1Positive.java
82,9,tests/evaluation/metadl-java/src/reference-equality/Test1Positive.java
91,9,tests/evaluation/metadl-java/src/reference-equality/Test1Positive.java
106,9,tests/evaluation/metadl-java/src/reference-equality/Test1Positive.java
117,9,tests/evaluation/metadl-java/src/reference-equality/Test1Positive.java
131,9,tests/evaluation/metadl-java/src/reference-equality/Test1Positive.java
147,9,tests/evaluation/metadl-java/src/reference-equality/Test1Positive.java
