5,12,tests/evaluation/metadl-java/src/type-param-unused-in-formals/Positive.java
11,28,tests/evaluation/metadl-java/src/type-param-unused-in-formals/Positive.java
17,11,tests/evaluation/metadl-java/src/type-param-unused-in-formals/Positive.java
23,28,tests/evaluation/metadl-java/src/type-param-unused-in-formals/Positive.java
29,10,tests/evaluation/metadl-java/src/type-param-unused-in-formals/Positive.java
36,10,tests/evaluation/metadl-java/src/type-param-unused-in-formals/Positive.java
42,12,tests/evaluation/metadl-java/src/type-param-unused-in-formals/Positive.java
48,3,tests/evaluation/metadl-java/src/type-param-unused-in-formals/Positive.java
