ClassDecl,8589934647,0,8589934640,
ClassDecl,8589934647,1,8589934642,
ClassDecl,8589934647,2,8589934644,
ClassDecl,8589934647,3,8589934646,
ClassDecl,8589934647,4,2147483647,
CompilationUnit,8589934649,0,8589934594,
CompilationUnit,8589934649,1,8589934648,
CompilationUnit,8589934649,2,2147483646,
Modifiers,8589934640,0,8589934639,
List,8589934594,-1,-1,
List,8589934639,-1,-1,
List,8589934644,-1,-1,
List,8589934646,-1,-1,
List,8589934648,0,8589934647,
Opt,8589934642,-1,-1,
Terminal,2147483646,0,0,
Terminal,2147483647,0,0,Test
