49,Bug3135098.java,11,9
106,Bug3135098.java,20,9
2144,Bug3442048.java,29,9
2423,Bug1392.java,18,9
2575,Bug3498829.java,13,9
