62,ATTR_type,tests/evaluation/metadl-java/src/attr-provenance/A.java
62,ATTR_type,tests/evaluation/metadl-java/src/attr-provenance/B.java
62,ATTR_type,tests/evaluation/metadl-java/src/attr-provenance/C.java
62,ATTR_type,<Unknown Source>
