7,14,tests/evaluation/metadl-java/src/operator-precedence/Positive.java
9,6,tests/evaluation/metadl-java/src/operator-precedence/Positive.java
11,6,tests/evaluation/metadl-java/src/operator-precedence/Positive.java
16,9,tests/evaluation/metadl-java/src/operator-precedence/Positive.java
24,14,tests/evaluation/metadl-java/src/operator-precedence/Positive.java
29,10,tests/evaluation/metadl-java/src/operator-precedence/Positive.java
34,14,tests/evaluation/metadl-java/src/operator-precedence/Positive.java
44,15,tests/evaluation/metadl-java/src/operator-precedence/Positive.java
52,14,tests/evaluation/metadl-java/src/operator-precedence/Positive.java
60,14,tests/evaluation/metadl-java/src/operator-precedence/Positive.java
68,15,tests/evaluation/metadl-java/src/operator-precedence/Positive.java
