24,19,tests/evaluation/metadl-java/src/operator-precedence/Positive.java
24,31,tests/evaluation/metadl-java/src/operator-precedence/Positive.java
44,20,tests/evaluation/metadl-java/src/operator-precedence/Positive.java
52,24,tests/evaluation/metadl-java/src/operator-precedence/Positive.java
60,19,tests/evaluation/metadl-java/src/operator-precedence/Positive.java
68,20,tests/evaluation/metadl-java/src/operator-precedence/Positive.java
