z,7,8,8,4
z,12,8,13,4
z,3,6,20,10
z,3,6,28,16
q,26,8,28,12
