B,A
C,B
C,D
D,C
E,D
BadB,BadA
BadC,BadB
Term,BadC
C,Q
BadA,BadC
C,A
C,C
D,B
D,Q
D,D
E,C
BadB,BadC
BadC,BadA
Term,BadB
BadA,BadB
D,A
E,B
E,Q
BadB,BadB
BadC,BadC
Term,BadA
BadA,BadA
E,A
