C,D
D,C
BadB,BadA
BadC,BadB
BadA,BadC
C,C
D,D
BadB,BadC
BadC,BadA
BadA,BadB
BadB,BadB
BadC,BadC
BadA,BadA
