E,0
Term,0
D,1
BadC,1
C,1
BadB,1
BadA,1
B,2
Q,2
A,3
