Nullary literals are not (yet) supported: F.
Nullary literals are not (yet) supported: G.