_ is not allowed in rule heads or facts.
_ is not allowed inside constraints.
