Nested patterns are not allowed in [R(1) :- [$q($x).
].
]