Free variable(s) [x] in NOT(A(x)) in rule B(x) :- NOT(A(x)).

