Constraints are not allowed in facts.
Constraints are not allowed inside a rule's head.
