Bug1195.java,9,16
Bug1195.java,22,16
Bug1195.java,31,16
Test.java,9,3
Test.java,14,3
Test.java,4,3
