tests/evaluation/metadl-java/src/bad-covariant-equals/Positive.java,2,5,4,5
tests/evaluation/metadl-java/src/bad-covariant-equals/Positive.java,8,5,10,5
tests/evaluation/metadl-java/src/bad-covariant-equals/spotbugs/CovariantEqualsPositiveCase2.java,26,3,31,3
tests/evaluation/metadl-java/src/bad-covariant-equals/spotbugs/CovariantEqualsPositiveCase4.java,37,3,39,3
tests/evaluation/metadl-java/src/bad-covariant-equals/spotbugs/CovariantEqualsPositiveCase5.java,28,3,28,67
tests/evaluation/metadl-java/src/bad-covariant-equals/spotbugs/CovariantEqualsPositiveCase3.java,30,3,33,3
tests/evaluation/metadl-java/src/bad-covariant-equals/spotbugs/CovariantEqualsPositiveCase1.java,25,3,27,3
