15,27,tests/evaluation/metadl-java/src/unwritten-field/Bug1307.java
18,19,tests/evaluation/metadl-java/src/unwritten-field/Bug1307.java
51,29,tests/evaluation/metadl-java/src/unwritten-field/Bug1307.java
54,26,tests/evaluation/metadl-java/src/unwritten-field/Bug1307.java
59,26,tests/evaluation/metadl-java/src/unwritten-field/Bug1307.java
9,17,tests/evaluation/metadl-java/src/unwritten-field/Test.java
