13,2,tests/evaluation/metadl-java/src/missing-override/Classes.java
23,2,tests/evaluation/metadl-java/src/missing-override/Classes.java
28,2,tests/evaluation/metadl-java/src/missing-override/Classes.java
54,2,tests/evaluation/metadl-java/src/missing-override/Classes.java
63,2,tests/evaluation/metadl-java/src/missing-override/Classes.java
