6,14,tests/evaluation/metadl-java/src/boxed-primitive-constructor/Positive.java
8,14,tests/evaluation/metadl-java/src/boxed-primitive-constructor/Positive.java
10,16,tests/evaluation/metadl-java/src/boxed-primitive-constructor/Positive.java
12,15,tests/evaluation/metadl-java/src/boxed-primitive-constructor/Positive.java
14,13,tests/evaluation/metadl-java/src/boxed-primitive-constructor/Positive.java
16,14,tests/evaluation/metadl-java/src/boxed-primitive-constructor/Positive.java
18,15,tests/evaluation/metadl-java/src/boxed-primitive-constructor/Positive.java
21,16,tests/evaluation/metadl-java/src/boxed-primitive-constructor/Positive.java
23,16,tests/evaluation/metadl-java/src/boxed-primitive-constructor/Positive.java
25,11,tests/evaluation/metadl-java/src/boxed-primitive-constructor/Positive.java
33,11,tests/evaluation/metadl-java/src/boxed-primitive-constructor/Positive.java
35,13,tests/evaluation/metadl-java/src/boxed-primitive-constructor/Positive.java
37,12,tests/evaluation/metadl-java/src/boxed-primitive-constructor/Positive.java
39,10,tests/evaluation/metadl-java/src/boxed-primitive-constructor/Positive.java
41,11,tests/evaluation/metadl-java/src/boxed-primitive-constructor/Positive.java
43,12,tests/evaluation/metadl-java/src/boxed-primitive-constructor/Positive.java
53,21,tests/evaluation/metadl-java/src/boxed-primitive-constructor/Positive.java
55,21,tests/evaluation/metadl-java/src/boxed-primitive-constructor/Positive.java
57,21,tests/evaluation/metadl-java/src/boxed-primitive-constructor/Positive.java
59,21,tests/evaluation/metadl-java/src/boxed-primitive-constructor/Positive.java
61,21,tests/evaluation/metadl-java/src/boxed-primitive-constructor/Positive.java
63,21,tests/evaluation/metadl-java/src/boxed-primitive-constructor/Positive.java
65,28,tests/evaluation/metadl-java/src/boxed-primitive-constructor/Positive.java
67,28,tests/evaluation/metadl-java/src/boxed-primitive-constructor/Positive.java
76,10,tests/evaluation/metadl-java/src/boxed-primitive-constructor/Positive.java
78,8,tests/evaluation/metadl-java/src/boxed-primitive-constructor/Positive.java
80,6,tests/evaluation/metadl-java/src/boxed-primitive-constructor/Positive.java
89,10,tests/evaluation/metadl-java/src/boxed-primitive-constructor/Positive.java
98,13,tests/evaluation/metadl-java/src/boxed-primitive-constructor/Positive.java
107,11,tests/evaluation/metadl-java/src/boxed-primitive-constructor/Positive.java
109,23,tests/evaluation/metadl-java/src/boxed-primitive-constructor/Positive.java
111,11,tests/evaluation/metadl-java/src/boxed-primitive-constructor/Positive.java
113,11,tests/evaluation/metadl-java/src/boxed-primitive-constructor/Positive.java
122,10,tests/evaluation/metadl-java/src/boxed-primitive-constructor/Positive.java
124,6,tests/evaluation/metadl-java/src/boxed-primitive-constructor/Positive.java
126,6,tests/evaluation/metadl-java/src/boxed-primitive-constructor/Positive.java
128,9,tests/evaluation/metadl-java/src/boxed-primitive-constructor/Positive.java
137,9,tests/evaluation/metadl-java/src/boxed-primitive-constructor/Positive.java
145,13,tests/evaluation/metadl-java/src/boxed-primitive-constructor/Positive.java
147,12,tests/evaluation/metadl-java/src/boxed-primitive-constructor/Positive.java
155,13,tests/evaluation/metadl-java/src/boxed-primitive-constructor/Positive.java
