161,10,tests/evaluation/metadl-java/src/boxed-primitive-constructor/Positive.java
167,14,tests/evaluation/metadl-java/src/boxed-primitive-constructor/Positive.java
