13,9,tests/evaluation/metadl-java/src/paper-examples/Arrays.java
