3,18,tests/evaluation/metadl-java/src/paper-examples/Arrays.java
4,18,tests/evaluation/metadl-java/src/paper-examples/Arrays.java
8,15,tests/evaluation/metadl-java/src/paper-examples/Arrays.java
9,15,tests/evaluation/metadl-java/src/paper-examples/Arrays.java
