False,1,3,16
R,2,5,12
T,2,6,12
T,2,6,21
T,2,8,9
T,2,9,9
F,2,11,12
F,2,12,15
R,2,3,1
T,2,5,1
T,2,6,1
N,1,8,1
N,1,9,1
F,2,11,1
F,1,12,1
F,1,12,7
