5,5,tests/evaluation/metadl-java/src/naming-convention/Negative.java,Method
8,5,tests/evaluation/metadl-java/src/naming-convention/Negative.java,Native
