2,16,tests/evaluation/metadl-java/src/naming-convention/Negative.java,Field1
3,20,tests/evaluation/metadl-java/src/naming-convention/Negative.java,Field2
4,29,tests/evaluation/metadl-java/src/naming-convention/Negative.java,Field3
10,6,tests/evaluation/metadl-java/src/naming-convention/Negative.java,VALUE_1
