1,1,tests/evaluation/metadl-java/src/naming-convention/Negative.java,negative
