13,9,tests/evaluation/metadl-java/src/reference-to-mutable-object/Bug3279718.java
21,9,tests/evaluation/metadl-java/src/reference-to-mutable-object/Bug3279718.java
27,9,tests/evaluation/metadl-java/src/reference-to-mutable-object/Bug1397.java
29,9,tests/evaluation/metadl-java/src/reference-to-mutable-object/Bug3279718.java
49,9,tests/evaluation/metadl-java/src/reference-to-mutable-object/Bug1397.java
