14,5,tests/evaluation/metadl-java/src/reference-to-mutable-object/Bug1397.java
15,5,tests/evaluation/metadl-java/src/reference-to-mutable-object/Bug3279718.java
23,5,tests/evaluation/metadl-java/src/reference-to-mutable-object/Bug3279718.java
26,5,tests/evaluation/metadl-java/src/reference-to-mutable-object/Bug1993328.java
31,5,tests/evaluation/metadl-java/src/reference-to-mutable-object/Bug3279718.java
36,5,tests/evaluation/metadl-java/src/reference-to-mutable-object/Bug1397.java
37,5,tests/evaluation/metadl-java/src/reference-to-mutable-object/Bug1993328.java
